// Jest Snapshot v1, https://goo.gl/fbAQLP

exports[`Field renders correctly 1`] = `
<div
  className="field"
>
  <label
    className="field__label"
  />
  <input
    className="input"
    name="password"
    type="password"
  />
</div>
`;
